// Jest Snapshot v1, https://goo.gl/fbAQLP

exports[`<ButtonSubmitting/> tests should render and match the snapshot 1`] = `
<body>
  <div>
    <button
      class="buttonsubmitting__button"
      disabled=""
      type="click"
    >
      Signing in
    </button>
  </div>
</body>
`;
